// Jest Snapshot v1, https://goo.gl/fbAQLP

exports[`InputGroup renders without crashing 1`] = `
<div
  className="nd-input-group"
/>
`;
